// Jest Snapshot v1, https://goo.gl/fbAQLP

exports[`<TableRow /> should match snapshot 1`] = `
ShallowWrapper {
  "length": 1,
  Symbol(enzyme.__root__): [Circular],
  Symbol(enzyme.__unrendered__): <TableRow>
    <TableRowColumn__TableRowColumn>
      Row
    </TableRowColumn__TableRowColumn>
  </TableRow>,
  Symbol(enzyme.__renderer__): Object {
    "batchedUpdates": [Function],
    "getNode": [Function],
    "render": [Function],
    "simulateEvent": [Function],
    "unmount": [Function],
  },
  Symbol(enzyme.__node__): Object {
    "instance": null,
    "key": undefined,
    "nodeType": "class",
    "props": Object {
      "children": <TableRowColumn__TableRowColumn>
        Row
      </TableRowColumn__TableRowColumn>,
      "columns": "repeat(1, 1fr)",
      "gap": "5px",
    },
    "ref": null,
    "rendered": Object {
      "instance": null,
      "key": undefined,
      "nodeType": "class",
      "props": Object {
        "children": "Row",
      },
      "ref": null,
      "rendered": "Row",
      "type": [Function],
    },
    "type": [Function],
  },
  Symbol(enzyme.__nodes__): Array [
    Object {
      "instance": null,
      "key": undefined,
      "nodeType": "class",
      "props": Object {
        "children": <TableRowColumn__TableRowColumn>
          Row
        </TableRowColumn__TableRowColumn>,
        "columns": "repeat(1, 1fr)",
        "gap": "5px",
      },
      "ref": null,
      "rendered": Object {
        "instance": null,
        "key": undefined,
        "nodeType": "class",
        "props": Object {
          "children": "Row",
        },
        "ref": null,
        "rendered": "Row",
        "type": [Function],
      },
      "type": [Function],
    },
  ],
  Symbol(enzyme.__options__): Object {
    "adapter": ReactFifteenAdapter {
      "options": Object {
        "supportPrevContextArgumentOfComponentDidUpdate": true,
      },
    },
  },
}
`;
