// Jest Snapshot v1, https://goo.gl/fbAQLP

exports[`<CenterAlignedUltimatePagination /> snapshot tests should match snapshot 1`] = `
ShallowWrapper {
  "length": 1,
  Symbol(enzyme.__root__): [Circular],
  Symbol(enzyme.__unrendered__): <CenterAlignedUltimatePagination
    boundaryPagesRange={1}
    currentPage={5}
    hideEllipsis={false}
    hideFirstAndLastPageLinks={false}
    hidePreviousAndNextPageLinks={false}
    onChange={[MockFunction]}
    siblingPagesRange={1}
    totalPages={10}
  />,
  Symbol(enzyme.__renderer__): Object {
    "batchedUpdates": [Function],
    "getNode": [Function],
    "render": [Function],
    "simulateEvent": [Function],
    "unmount": [Function],
  },
  Symbol(enzyme.__node__): Object {
    "instance": null,
    "key": undefined,
    "nodeType": "class",
    "props": Object {
      "children": <UltimatePaginationComponent
        boundaryPagesRange={1}
        currentPage={5}
        hideEllipsis={false}
        hideFirstAndLastPageLinks={false}
        hidePreviousAndNextPageLinks={false}
        onChange={[MockFunction]}
        siblingPagesRange={1}
        totalPages={10}
      />,
    },
    "ref": null,
    "rendered": Object {
      "instance": null,
      "key": undefined,
      "nodeType": "function",
      "props": Object {
        "boundaryPagesRange": 1,
        "currentPage": 5,
        "hideEllipsis": false,
        "hideFirstAndLastPageLinks": false,
        "hidePreviousAndNextPageLinks": false,
        "onChange": [MockFunction],
        "siblingPagesRange": 1,
        "totalPages": 10,
      },
      "ref": null,
      "rendered": null,
      "type": [Function],
    },
    "type": [Function],
  },
  Symbol(enzyme.__nodes__): Array [
    Object {
      "instance": null,
      "key": undefined,
      "nodeType": "class",
      "props": Object {
        "children": <UltimatePaginationComponent
          boundaryPagesRange={1}
          currentPage={5}
          hideEllipsis={false}
          hideFirstAndLastPageLinks={false}
          hidePreviousAndNextPageLinks={false}
          onChange={[MockFunction]}
          siblingPagesRange={1}
          totalPages={10}
        />,
      },
      "ref": null,
      "rendered": Object {
        "instance": null,
        "key": undefined,
        "nodeType": "function",
        "props": Object {
          "boundaryPagesRange": 1,
          "currentPage": 5,
          "hideEllipsis": false,
          "hideFirstAndLastPageLinks": false,
          "hidePreviousAndNextPageLinks": false,
          "onChange": [MockFunction],
          "siblingPagesRange": 1,
          "totalPages": 10,
        },
        "ref": null,
        "rendered": null,
        "type": [Function],
      },
      "type": [Function],
    },
  ],
  Symbol(enzyme.__options__): Object {
    "adapter": ReactFifteenAdapter {
      "options": Object {
        "supportPrevContextArgumentOfComponentDidUpdate": true,
      },
    },
  },
}
`;
