// Jest Snapshot v1, https://goo.gl/fbAQLP

exports[`<InfoSection /> snapshot tests should have children 1`] = `
ShallowWrapper {
  "length": 1,
  Symbol(enzyme.__root__): [Circular],
  Symbol(enzyme.__unrendered__): <InfoSection__InfoSection
    fontSize="12px"
    margin="10px 10px"
    maxWidth="none"
    width="auto"
  >
    <span>
      test
    </span>
  </InfoSection__InfoSection>,
  Symbol(enzyme.__renderer__): Object {
    "batchedUpdates": [Function],
    "getNode": [Function],
    "render": [Function],
    "simulateEvent": [Function],
    "unmount": [Function],
  },
  Symbol(enzyme.__node__): Object {
    "instance": null,
    "key": undefined,
    "nodeType": "host",
    "props": Object {
      "children": <span>
        test
      </span>,
      "className": "InfoSection__InfoSection-fOCaVR jtSICb",
      "fontSize": "12px",
      "width": "auto",
    },
    "ref": null,
    "rendered": Object {
      "instance": null,
      "key": undefined,
      "nodeType": "host",
      "props": Object {
        "children": "test",
      },
      "ref": null,
      "rendered": "test",
      "type": "span",
    },
    "type": "div",
  },
  Symbol(enzyme.__nodes__): Array [
    Object {
      "instance": null,
      "key": undefined,
      "nodeType": "host",
      "props": Object {
        "children": <span>
          test
        </span>,
        "className": "InfoSection__InfoSection-fOCaVR jtSICb",
        "fontSize": "12px",
        "width": "auto",
      },
      "ref": null,
      "rendered": Object {
        "instance": null,
        "key": undefined,
        "nodeType": "host",
        "props": Object {
          "children": "test",
        },
        "ref": null,
        "rendered": "test",
        "type": "span",
      },
      "type": "div",
    },
  ],
  Symbol(enzyme.__options__): Object {
    "adapter": ReactFifteenAdapter {
      "options": Object {
        "supportPrevContextArgumentOfComponentDidUpdate": true,
      },
    },
  },
}
`;
