// Jest Snapshot v1, https://goo.gl/fbAQLP

exports[`<TableHeader /> should match snapshot 1`] = `
ShallowWrapper {
  "length": 1,
  Symbol(enzyme.__root__): [Circular],
  Symbol(enzyme.__unrendered__): <TableHeader
    relativeTop={0}
    sticky={true}
  >
    <TableHeaderColumn__TableHeaderColumn>
      Col
    </TableHeaderColumn__TableHeaderColumn>
  </TableHeader>,
  Symbol(enzyme.__renderer__): Object {
    "batchedUpdates": [Function],
    "getNode": [Function],
    "render": [Function],
    "simulateEvent": [Function],
    "unmount": [Function],
  },
  Symbol(enzyme.__node__): Object {
    "instance": null,
    "key": undefined,
    "nodeType": "class",
    "props": Object {
      "backgroundColor": "#fff",
      "children": <styled.div
        columns="repeat(1, 1fr)"
        gap="0px"
      >
        <TableHeaderColumn__TableHeaderColumn>
          Col
        </TableHeaderColumn__TableHeaderColumn>
      </styled.div>,
      "fontSize": "12px",
      "top": "0px",
    },
    "ref": null,
    "rendered": Object {
      "instance": null,
      "key": undefined,
      "nodeType": "class",
      "props": Object {
        "children": <TableHeaderColumn__TableHeaderColumn>
          Col
        </TableHeaderColumn__TableHeaderColumn>,
        "columns": "repeat(1, 1fr)",
        "gap": "0px",
      },
      "ref": null,
      "rendered": Object {
        "instance": null,
        "key": undefined,
        "nodeType": "class",
        "props": Object {
          "children": "Col",
        },
        "ref": null,
        "rendered": "Col",
        "type": [Function],
      },
      "type": [Function],
    },
    "type": [Function],
  },
  Symbol(enzyme.__nodes__): Array [
    Object {
      "instance": null,
      "key": undefined,
      "nodeType": "class",
      "props": Object {
        "backgroundColor": "#fff",
        "children": <styled.div
          columns="repeat(1, 1fr)"
          gap="0px"
        >
          <TableHeaderColumn__TableHeaderColumn>
            Col
          </TableHeaderColumn__TableHeaderColumn>
        </styled.div>,
        "fontSize": "12px",
        "top": "0px",
      },
      "ref": null,
      "rendered": Object {
        "instance": null,
        "key": undefined,
        "nodeType": "class",
        "props": Object {
          "children": <TableHeaderColumn__TableHeaderColumn>
            Col
          </TableHeaderColumn__TableHeaderColumn>,
          "columns": "repeat(1, 1fr)",
          "gap": "0px",
        },
        "ref": null,
        "rendered": Object {
          "instance": null,
          "key": undefined,
          "nodeType": "class",
          "props": Object {
            "children": "Col",
          },
          "ref": null,
          "rendered": "Col",
          "type": [Function],
        },
        "type": [Function],
      },
      "type": [Function],
    },
  ],
  Symbol(enzyme.__options__): Object {
    "adapter": ReactFifteenAdapter {
      "options": Object {
        "supportPrevContextArgumentOfComponentDidUpdate": true,
      },
    },
  },
}
`;
