// Jest Snapshot v1, https://goo.gl/fbAQLP

exports[`<Login /> should match snapshot 1`] = `
ShallowWrapper {
  "length": 1,
  Symbol(enzyme.__root__): [Circular],
  Symbol(enzyme.__unrendered__): <Login
    onLogin={[MockFunction]}
  />,
  Symbol(enzyme.__renderer__): Object {
    "batchedUpdates": [Function],
    "getNode": [Function],
    "render": [Function],
    "simulateEvent": [Function],
    "unmount": [Function],
  },
  Symbol(enzyme.__node__): Object {
    "instance": null,
    "key": undefined,
    "nodeType": "class",
    "props": Object {
      "children": <Cell__Cell
        center={true}
        left={2}
        top={3}
      >
        <Styled(Card)>
          <CardHeader
            title={
              <FormattedMessage
                defaultMessage="Login to your account"
                id="ocpui.components.Login.title"
                values={Object {}}
              />
            }
          />
          <Formik
            enableReinitialize={false}
            isInitialValid={false}
            onSubmit={[Function]}
            render={[Function]}
            validateOnBlur={true}
            validateOnChange={true}
            validationSchema={
              ObjectSchema {
                "_blacklist": Array [],
                "_conditions": Array [],
                "_defaultDefault": [Function],
                "_deps": Array [],
                "_excludedEdges": Array [],
                "_exclusive": Object {},
                "_mutate": false,
                "_nodes": Array [
                  "password",
                  "username",
                ],
                "_options": Object {
                  "abortEarly": true,
                  "recursive": true,
                },
                "_type": "object",
                "_typeError": [Function],
                "_whitelist": Array [],
                "fields": Object {
                  "password": StringSchema {
                    "_blacklist": Array [],
                    "_conditions": Array [],
                    "_deps": Array [],
                    "_exclusive": Object {
                      "required": false,
                    },
                    "_mutate": false,
                    "_options": Object {
                      "abortEarly": true,
                      "recursive": true,
                    },
                    "_type": "string",
                    "_typeError": [Function],
                    "_whitelist": Array [],
                    "tests": Array [
                      [Function],
                      [Function],
                    ],
                    "transforms": Array [
                      [Function],
                    ],
                  },
                  "username": StringSchema {
                    "_blacklist": Array [],
                    "_conditions": Array [],
                    "_deps": Array [],
                    "_exclusive": Object {
                      "required": false,
                    },
                    "_mutate": false,
                    "_options": Object {
                      "abortEarly": true,
                      "recursive": true,
                    },
                    "_type": "string",
                    "_typeError": [Function],
                    "_whitelist": Array [],
                    "tests": Array [
                      [Function],
                      [Function],
                    ],
                    "transforms": Array [
                      [Function],
                    ],
                  },
                },
                "tests": Array [],
                "transforms": Array [
                  [Function],
                ],
              }
            }
          />
        </Styled(Card)>
      </Cell__Cell>,
      "columns": 3,
    },
    "ref": null,
    "rendered": Object {
      "instance": null,
      "key": undefined,
      "nodeType": "class",
      "props": Object {
        "center": true,
        "children": <Styled(Card)>
          <CardHeader
            title={
              <FormattedMessage
                defaultMessage="Login to your account"
                id="ocpui.components.Login.title"
                values={Object {}}
              />
            }
          />
          <Formik
            enableReinitialize={false}
            isInitialValid={false}
            onSubmit={[Function]}
            render={[Function]}
            validateOnBlur={true}
            validateOnChange={true}
            validationSchema={
              ObjectSchema {
                "_blacklist": Array [],
                "_conditions": Array [],
                "_defaultDefault": [Function],
                "_deps": Array [],
                "_excludedEdges": Array [],
                "_exclusive": Object {},
                "_mutate": false,
                "_nodes": Array [
                  "password",
                  "username",
                ],
                "_options": Object {
                  "abortEarly": true,
                  "recursive": true,
                },
                "_type": "object",
                "_typeError": [Function],
                "_whitelist": Array [],
                "fields": Object {
                  "password": StringSchema {
                    "_blacklist": Array [],
                    "_conditions": Array [],
                    "_deps": Array [],
                    "_exclusive": Object {
                      "required": false,
                    },
                    "_mutate": false,
                    "_options": Object {
                      "abortEarly": true,
                      "recursive": true,
                    },
                    "_type": "string",
                    "_typeError": [Function],
                    "_whitelist": Array [],
                    "tests": Array [
                      [Function],
                      [Function],
                    ],
                    "transforms": Array [
                      [Function],
                    ],
                  },
                  "username": StringSchema {
                    "_blacklist": Array [],
                    "_conditions": Array [],
                    "_deps": Array [],
                    "_exclusive": Object {
                      "required": false,
                    },
                    "_mutate": false,
                    "_options": Object {
                      "abortEarly": true,
                      "recursive": true,
                    },
                    "_type": "string",
                    "_typeError": [Function],
                    "_whitelist": Array [],
                    "tests": Array [
                      [Function],
                      [Function],
                    ],
                    "transforms": Array [
                      [Function],
                    ],
                  },
                },
                "tests": Array [],
                "transforms": Array [
                  [Function],
                ],
              }
            }
          />
        </Styled(Card)>,
        "left": 2,
        "top": 3,
      },
      "ref": null,
      "rendered": Object {
        "instance": null,
        "key": undefined,
        "nodeType": "class",
        "props": Object {
          "children": Array [
            <CardHeader
              title={
                <FormattedMessage
                  defaultMessage="Login to your account"
                  id="ocpui.components.Login.title"
                  values={Object {}}
                />
              }
            />,
            <Formik
              enableReinitialize={false}
              isInitialValid={false}
              onSubmit={[Function]}
              render={[Function]}
              validateOnBlur={true}
              validateOnChange={true}
              validationSchema={
                ObjectSchema {
                  "_blacklist": Array [],
                  "_conditions": Array [],
                  "_defaultDefault": [Function],
                  "_deps": Array [],
                  "_excludedEdges": Array [],
                  "_exclusive": Object {},
                  "_mutate": false,
                  "_nodes": Array [
                    "password",
                    "username",
                  ],
                  "_options": Object {
                    "abortEarly": true,
                    "recursive": true,
                  },
                  "_type": "object",
                  "_typeError": [Function],
                  "_whitelist": Array [],
                  "fields": Object {
                    "password": StringSchema {
                      "_blacklist": Array [],
                      "_conditions": Array [],
                      "_deps": Array [],
                      "_exclusive": Object {
                        "required": false,
                      },
                      "_mutate": false,
                      "_options": Object {
                        "abortEarly": true,
                        "recursive": true,
                      },
                      "_type": "string",
                      "_typeError": [Function],
                      "_whitelist": Array [],
                      "tests": Array [
                        [Function],
                        [Function],
                      ],
                      "transforms": Array [
                        [Function],
                      ],
                    },
                    "username": StringSchema {
                      "_blacklist": Array [],
                      "_conditions": Array [],
                      "_deps": Array [],
                      "_exclusive": Object {
                        "required": false,
                      },
                      "_mutate": false,
                      "_options": Object {
                        "abortEarly": true,
                        "recursive": true,
                      },
                      "_type": "string",
                      "_typeError": [Function],
                      "_whitelist": Array [],
                      "tests": Array [
                        [Function],
                        [Function],
                      ],
                      "transforms": Array [
                        [Function],
                      ],
                    },
                  },
                  "tests": Array [],
                  "transforms": Array [
                    [Function],
                  ],
                }
              }
            />,
          ],
        },
        "ref": null,
        "rendered": Array [
          Object {
            "instance": null,
            "key": undefined,
            "nodeType": "function",
            "props": Object {
              "title": <FormattedMessage
                defaultMessage="Login to your account"
                id="ocpui.components.Login.title"
                values={Object {}}
              />,
            },
            "ref": null,
            "rendered": null,
            "type": [Function],
          },
          Object {
            "instance": null,
            "key": undefined,
            "nodeType": "class",
            "props": Object {
              "enableReinitialize": false,
              "isInitialValid": false,
              "onSubmit": [Function],
              "render": [Function],
              "validateOnBlur": true,
              "validateOnChange": true,
              "validationSchema": ObjectSchema {
                "_blacklist": Array [],
                "_conditions": Array [],
                "_defaultDefault": [Function],
                "_deps": Array [],
                "_excludedEdges": Array [],
                "_exclusive": Object {},
                "_mutate": false,
                "_nodes": Array [
                  "password",
                  "username",
                ],
                "_options": Object {
                  "abortEarly": true,
                  "recursive": true,
                },
                "_type": "object",
                "_typeError": [Function],
                "_whitelist": Array [],
                "fields": Object {
                  "password": StringSchema {
                    "_blacklist": Array [],
                    "_conditions": Array [],
                    "_deps": Array [],
                    "_exclusive": Object {
                      "required": false,
                    },
                    "_mutate": false,
                    "_options": Object {
                      "abortEarly": true,
                      "recursive": true,
                    },
                    "_type": "string",
                    "_typeError": [Function],
                    "_whitelist": Array [],
                    "tests": Array [
                      [Function],
                      [Function],
                    ],
                    "transforms": Array [
                      [Function],
                    ],
                  },
                  "username": StringSchema {
                    "_blacklist": Array [],
                    "_conditions": Array [],
                    "_deps": Array [],
                    "_exclusive": Object {
                      "required": false,
                    },
                    "_mutate": false,
                    "_options": Object {
                      "abortEarly": true,
                      "recursive": true,
                    },
                    "_type": "string",
                    "_typeError": [Function],
                    "_whitelist": Array [],
                    "tests": Array [
                      [Function],
                      [Function],
                    ],
                    "transforms": Array [
                      [Function],
                    ],
                  },
                },
                "tests": Array [],
                "transforms": Array [
                  [Function],
                ],
              },
            },
            "ref": null,
            "rendered": null,
            "type": [Function],
          },
        ],
        "type": [Function],
      },
      "type": [Function],
    },
    "type": [Function],
  },
  Symbol(enzyme.__nodes__): Array [
    Object {
      "instance": null,
      "key": undefined,
      "nodeType": "class",
      "props": Object {
        "children": <Cell__Cell
          center={true}
          left={2}
          top={3}
        >
          <Styled(Card)>
            <CardHeader
              title={
                <FormattedMessage
                  defaultMessage="Login to your account"
                  id="ocpui.components.Login.title"
                  values={Object {}}
                />
              }
            />
            <Formik
              enableReinitialize={false}
              isInitialValid={false}
              onSubmit={[Function]}
              render={[Function]}
              validateOnBlur={true}
              validateOnChange={true}
              validationSchema={
                ObjectSchema {
                  "_blacklist": Array [],
                  "_conditions": Array [],
                  "_defaultDefault": [Function],
                  "_deps": Array [],
                  "_excludedEdges": Array [],
                  "_exclusive": Object {},
                  "_mutate": false,
                  "_nodes": Array [
                    "password",
                    "username",
                  ],
                  "_options": Object {
                    "abortEarly": true,
                    "recursive": true,
                  },
                  "_type": "object",
                  "_typeError": [Function],
                  "_whitelist": Array [],
                  "fields": Object {
                    "password": StringSchema {
                      "_blacklist": Array [],
                      "_conditions": Array [],
                      "_deps": Array [],
                      "_exclusive": Object {
                        "required": false,
                      },
                      "_mutate": false,
                      "_options": Object {
                        "abortEarly": true,
                        "recursive": true,
                      },
                      "_type": "string",
                      "_typeError": [Function],
                      "_whitelist": Array [],
                      "tests": Array [
                        [Function],
                        [Function],
                      ],
                      "transforms": Array [
                        [Function],
                      ],
                    },
                    "username": StringSchema {
                      "_blacklist": Array [],
                      "_conditions": Array [],
                      "_deps": Array [],
                      "_exclusive": Object {
                        "required": false,
                      },
                      "_mutate": false,
                      "_options": Object {
                        "abortEarly": true,
                        "recursive": true,
                      },
                      "_type": "string",
                      "_typeError": [Function],
                      "_whitelist": Array [],
                      "tests": Array [
                        [Function],
                        [Function],
                      ],
                      "transforms": Array [
                        [Function],
                      ],
                    },
                  },
                  "tests": Array [],
                  "transforms": Array [
                    [Function],
                  ],
                }
              }
            />
          </Styled(Card)>
        </Cell__Cell>,
        "columns": 3,
      },
      "ref": null,
      "rendered": Object {
        "instance": null,
        "key": undefined,
        "nodeType": "class",
        "props": Object {
          "center": true,
          "children": <Styled(Card)>
            <CardHeader
              title={
                <FormattedMessage
                  defaultMessage="Login to your account"
                  id="ocpui.components.Login.title"
                  values={Object {}}
                />
              }
            />
            <Formik
              enableReinitialize={false}
              isInitialValid={false}
              onSubmit={[Function]}
              render={[Function]}
              validateOnBlur={true}
              validateOnChange={true}
              validationSchema={
                ObjectSchema {
                  "_blacklist": Array [],
                  "_conditions": Array [],
                  "_defaultDefault": [Function],
                  "_deps": Array [],
                  "_excludedEdges": Array [],
                  "_exclusive": Object {},
                  "_mutate": false,
                  "_nodes": Array [
                    "password",
                    "username",
                  ],
                  "_options": Object {
                    "abortEarly": true,
                    "recursive": true,
                  },
                  "_type": "object",
                  "_typeError": [Function],
                  "_whitelist": Array [],
                  "fields": Object {
                    "password": StringSchema {
                      "_blacklist": Array [],
                      "_conditions": Array [],
                      "_deps": Array [],
                      "_exclusive": Object {
                        "required": false,
                      },
                      "_mutate": false,
                      "_options": Object {
                        "abortEarly": true,
                        "recursive": true,
                      },
                      "_type": "string",
                      "_typeError": [Function],
                      "_whitelist": Array [],
                      "tests": Array [
                        [Function],
                        [Function],
                      ],
                      "transforms": Array [
                        [Function],
                      ],
                    },
                    "username": StringSchema {
                      "_blacklist": Array [],
                      "_conditions": Array [],
                      "_deps": Array [],
                      "_exclusive": Object {
                        "required": false,
                      },
                      "_mutate": false,
                      "_options": Object {
                        "abortEarly": true,
                        "recursive": true,
                      },
                      "_type": "string",
                      "_typeError": [Function],
                      "_whitelist": Array [],
                      "tests": Array [
                        [Function],
                        [Function],
                      ],
                      "transforms": Array [
                        [Function],
                      ],
                    },
                  },
                  "tests": Array [],
                  "transforms": Array [
                    [Function],
                  ],
                }
              }
            />
          </Styled(Card)>,
          "left": 2,
          "top": 3,
        },
        "ref": null,
        "rendered": Object {
          "instance": null,
          "key": undefined,
          "nodeType": "class",
          "props": Object {
            "children": Array [
              <CardHeader
                title={
                  <FormattedMessage
                    defaultMessage="Login to your account"
                    id="ocpui.components.Login.title"
                    values={Object {}}
                  />
                }
              />,
              <Formik
                enableReinitialize={false}
                isInitialValid={false}
                onSubmit={[Function]}
                render={[Function]}
                validateOnBlur={true}
                validateOnChange={true}
                validationSchema={
                  ObjectSchema {
                    "_blacklist": Array [],
                    "_conditions": Array [],
                    "_defaultDefault": [Function],
                    "_deps": Array [],
                    "_excludedEdges": Array [],
                    "_exclusive": Object {},
                    "_mutate": false,
                    "_nodes": Array [
                      "password",
                      "username",
                    ],
                    "_options": Object {
                      "abortEarly": true,
                      "recursive": true,
                    },
                    "_type": "object",
                    "_typeError": [Function],
                    "_whitelist": Array [],
                    "fields": Object {
                      "password": StringSchema {
                        "_blacklist": Array [],
                        "_conditions": Array [],
                        "_deps": Array [],
                        "_exclusive": Object {
                          "required": false,
                        },
                        "_mutate": false,
                        "_options": Object {
                          "abortEarly": true,
                          "recursive": true,
                        },
                        "_type": "string",
                        "_typeError": [Function],
                        "_whitelist": Array [],
                        "tests": Array [
                          [Function],
                          [Function],
                        ],
                        "transforms": Array [
                          [Function],
                        ],
                      },
                      "username": StringSchema {
                        "_blacklist": Array [],
                        "_conditions": Array [],
                        "_deps": Array [],
                        "_exclusive": Object {
                          "required": false,
                        },
                        "_mutate": false,
                        "_options": Object {
                          "abortEarly": true,
                          "recursive": true,
                        },
                        "_type": "string",
                        "_typeError": [Function],
                        "_whitelist": Array [],
                        "tests": Array [
                          [Function],
                          [Function],
                        ],
                        "transforms": Array [
                          [Function],
                        ],
                      },
                    },
                    "tests": Array [],
                    "transforms": Array [
                      [Function],
                    ],
                  }
                }
              />,
            ],
          },
          "ref": null,
          "rendered": Array [
            Object {
              "instance": null,
              "key": undefined,
              "nodeType": "function",
              "props": Object {
                "title": <FormattedMessage
                  defaultMessage="Login to your account"
                  id="ocpui.components.Login.title"
                  values={Object {}}
                />,
              },
              "ref": null,
              "rendered": null,
              "type": [Function],
            },
            Object {
              "instance": null,
              "key": undefined,
              "nodeType": "class",
              "props": Object {
                "enableReinitialize": false,
                "isInitialValid": false,
                "onSubmit": [Function],
                "render": [Function],
                "validateOnBlur": true,
                "validateOnChange": true,
                "validationSchema": ObjectSchema {
                  "_blacklist": Array [],
                  "_conditions": Array [],
                  "_defaultDefault": [Function],
                  "_deps": Array [],
                  "_excludedEdges": Array [],
                  "_exclusive": Object {},
                  "_mutate": false,
                  "_nodes": Array [
                    "password",
                    "username",
                  ],
                  "_options": Object {
                    "abortEarly": true,
                    "recursive": true,
                  },
                  "_type": "object",
                  "_typeError": [Function],
                  "_whitelist": Array [],
                  "fields": Object {
                    "password": StringSchema {
                      "_blacklist": Array [],
                      "_conditions": Array [],
                      "_deps": Array [],
                      "_exclusive": Object {
                        "required": false,
                      },
                      "_mutate": false,
                      "_options": Object {
                        "abortEarly": true,
                        "recursive": true,
                      },
                      "_type": "string",
                      "_typeError": [Function],
                      "_whitelist": Array [],
                      "tests": Array [
                        [Function],
                        [Function],
                      ],
                      "transforms": Array [
                        [Function],
                      ],
                    },
                    "username": StringSchema {
                      "_blacklist": Array [],
                      "_conditions": Array [],
                      "_deps": Array [],
                      "_exclusive": Object {
                        "required": false,
                      },
                      "_mutate": false,
                      "_options": Object {
                        "abortEarly": true,
                        "recursive": true,
                      },
                      "_type": "string",
                      "_typeError": [Function],
                      "_whitelist": Array [],
                      "tests": Array [
                        [Function],
                        [Function],
                      ],
                      "transforms": Array [
                        [Function],
                      ],
                    },
                  },
                  "tests": Array [],
                  "transforms": Array [
                    [Function],
                  ],
                },
              },
              "ref": null,
              "rendered": null,
              "type": [Function],
            },
          ],
          "type": [Function],
        },
        "type": [Function],
      },
      "type": [Function],
    },
  ],
  Symbol(enzyme.__options__): Object {
    "adapter": ReactFifteenAdapter {
      "options": Object {
        "supportPrevContextArgumentOfComponentDidUpdate": true,
      },
    },
  },
}
`;
