// Jest Snapshot v1, https://goo.gl/fbAQLP

exports[`<TableRowColumn /> should match snapshot 1`] = `
ShallowWrapper {
  "length": 1,
  Symbol(enzyme.__root__): [Circular],
  Symbol(enzyme.__unrendered__): <TableRowColumn__TableRowColumn>
    Row
  </TableRowColumn__TableRowColumn>,
  Symbol(enzyme.__renderer__): Object {
    "batchedUpdates": [Function],
    "getNode": [Function],
    "render": [Function],
    "simulateEvent": [Function],
    "unmount": [Function],
  },
  Symbol(enzyme.__node__): Object {
    "instance": null,
    "key": undefined,
    "nodeType": "host",
    "props": Object {
      "children": "Row",
      "className": "TableRowColumn__TableRowColumn-VzNyU hoCwJx",
    },
    "ref": null,
    "rendered": "Row",
    "type": "div",
  },
  Symbol(enzyme.__nodes__): Array [
    Object {
      "instance": null,
      "key": undefined,
      "nodeType": "host",
      "props": Object {
        "children": "Row",
        "className": "TableRowColumn__TableRowColumn-VzNyU hoCwJx",
      },
      "ref": null,
      "rendered": "Row",
      "type": "div",
    },
  ],
  Symbol(enzyme.__options__): Object {
    "adapter": ReactFifteenAdapter {
      "options": Object {
        "supportPrevContextArgumentOfComponentDidUpdate": true,
      },
    },
  },
}
`;
