// Jest Snapshot v1, https://goo.gl/fbAQLP

exports[`<Table /> should match snapshot 1`] = `
ShallowWrapper {
  "length": 1,
  Symbol(enzyme.__root__): [Circular],
  Symbol(enzyme.__unrendered__): <Table__Table>
    <TableHeader
      relativeTop={0}
      sticky={true}
    >
      <TableHeaderColumn__TableHeaderColumn>
        Col
      </TableHeaderColumn__TableHeaderColumn>
    </TableHeader>
    <TableRow>
      <TableRowColumn__TableRowColumn>
        Row
      </TableRowColumn__TableRowColumn>
    </TableRow>
  </Table__Table>,
  Symbol(enzyme.__renderer__): Object {
    "batchedUpdates": [Function],
    "getNode": [Function],
    "render": [Function],
    "simulateEvent": [Function],
    "unmount": [Function],
  },
  Symbol(enzyme.__node__): Object {
    "instance": null,
    "key": undefined,
    "nodeType": "host",
    "props": Object {
      "children": Array [
        <TableHeader
          relativeTop={0}
          sticky={true}
        >
          <TableHeaderColumn__TableHeaderColumn>
            Col
          </TableHeaderColumn__TableHeaderColumn>
        </TableHeader>,
        <TableRow>
          <TableRowColumn__TableRowColumn>
            Row
          </TableRowColumn__TableRowColumn>
        </TableRow>,
      ],
      "className": "Table__Table-fLBySN dazbIp",
    },
    "ref": null,
    "rendered": Array [
      Object {
        "instance": null,
        "key": undefined,
        "nodeType": "function",
        "props": Object {
          "children": <TableHeaderColumn__TableHeaderColumn>
            Col
          </TableHeaderColumn__TableHeaderColumn>,
          "relativeTop": 0,
          "sticky": true,
        },
        "ref": null,
        "rendered": Object {
          "instance": null,
          "key": undefined,
          "nodeType": "class",
          "props": Object {
            "children": "Col",
          },
          "ref": null,
          "rendered": "Col",
          "type": [Function],
        },
        "type": [Function],
      },
      Object {
        "instance": null,
        "key": undefined,
        "nodeType": "function",
        "props": Object {
          "children": <TableRowColumn__TableRowColumn>
            Row
          </TableRowColumn__TableRowColumn>,
        },
        "ref": null,
        "rendered": Object {
          "instance": null,
          "key": undefined,
          "nodeType": "class",
          "props": Object {
            "children": "Row",
          },
          "ref": null,
          "rendered": "Row",
          "type": [Function],
        },
        "type": [Function],
      },
    ],
    "type": "div",
  },
  Symbol(enzyme.__nodes__): Array [
    Object {
      "instance": null,
      "key": undefined,
      "nodeType": "host",
      "props": Object {
        "children": Array [
          <TableHeader
            relativeTop={0}
            sticky={true}
          >
            <TableHeaderColumn__TableHeaderColumn>
              Col
            </TableHeaderColumn__TableHeaderColumn>
          </TableHeader>,
          <TableRow>
            <TableRowColumn__TableRowColumn>
              Row
            </TableRowColumn__TableRowColumn>
          </TableRow>,
        ],
        "className": "Table__Table-fLBySN dazbIp",
      },
      "ref": null,
      "rendered": Array [
        Object {
          "instance": null,
          "key": undefined,
          "nodeType": "function",
          "props": Object {
            "children": <TableHeaderColumn__TableHeaderColumn>
              Col
            </TableHeaderColumn__TableHeaderColumn>,
            "relativeTop": 0,
            "sticky": true,
          },
          "ref": null,
          "rendered": Object {
            "instance": null,
            "key": undefined,
            "nodeType": "class",
            "props": Object {
              "children": "Col",
            },
            "ref": null,
            "rendered": "Col",
            "type": [Function],
          },
          "type": [Function],
        },
        Object {
          "instance": null,
          "key": undefined,
          "nodeType": "function",
          "props": Object {
            "children": <TableRowColumn__TableRowColumn>
              Row
            </TableRowColumn__TableRowColumn>,
          },
          "ref": null,
          "rendered": Object {
            "instance": null,
            "key": undefined,
            "nodeType": "class",
            "props": Object {
              "children": "Row",
            },
            "ref": null,
            "rendered": "Row",
            "type": [Function],
          },
          "type": [Function],
        },
      ],
      "type": "div",
    },
  ],
  Symbol(enzyme.__options__): Object {
    "adapter": ReactFifteenAdapter {
      "options": Object {
        "supportPrevContextArgumentOfComponentDidUpdate": true,
      },
    },
  },
}
`;
