// Jest Snapshot v1, https://goo.gl/fbAQLP

exports[`<AddParticipantDialogIconButton /> snapshot tests should match snapshot 1`] = `
ShallowWrapper {
  "length": 1,
  Symbol(enzyme.__root__): [Circular],
  Symbol(enzyme.__unrendered__): <Styled(IconButton)>
    <pure(Search) />
  </Styled(IconButton)>,
  Symbol(enzyme.__renderer__): Object {
    "batchedUpdates": [Function],
    "getNode": [Function],
    "render": [Function],
    "simulateEvent": [Function],
    "unmount": [Function],
  },
  Symbol(enzyme.__node__): Object {
    "instance": null,
    "key": undefined,
    "nodeType": "class",
    "props": Object {
      "children": <pure(Search) />,
      "className": "sc-bdVaJa bDWFJH",
      "disableTouchRipple": false,
      "disabled": false,
      "iconStyle": Object {},
      "style": Object {
        "height": "30px",
        "top": "26px",
      },
      "tooltipPosition": "bottom-center",
      "touch": false,
    },
    "ref": null,
    "rendered": Object {
      "instance": null,
      "key": undefined,
      "nodeType": "class",
      "props": Object {},
      "ref": null,
      "rendered": null,
      "type": [Function],
    },
    "type": [Function],
  },
  Symbol(enzyme.__nodes__): Array [
    Object {
      "instance": null,
      "key": undefined,
      "nodeType": "class",
      "props": Object {
        "children": <pure(Search) />,
        "className": "sc-bdVaJa bDWFJH",
        "disableTouchRipple": false,
        "disabled": false,
        "iconStyle": Object {},
        "style": Object {
          "height": "30px",
          "top": "26px",
        },
        "tooltipPosition": "bottom-center",
        "touch": false,
      },
      "ref": null,
      "rendered": Object {
        "instance": null,
        "key": undefined,
        "nodeType": "class",
        "props": Object {},
        "ref": null,
        "rendered": null,
        "type": [Function],
      },
      "type": [Function],
    },
  ],
  Symbol(enzyme.__options__): Object {
    "adapter": ReactFifteenAdapter {
      "options": Object {
        "supportPrevContextArgumentOfComponentDidUpdate": true,
      },
    },
  },
}
`;
