// Jest Snapshot v1, https://goo.gl/fbAQLP

exports[`<GoBackButton /> snapshot tests should match snapshot 1`] = `
ShallowWrapper {
  "length": 1,
  Symbol(enzyme.__root__): [Circular],
  Symbol(enzyme.__unrendered__): <GoBackButton
    disabled={false}
    label={
      <FormattedMessage
        defaultMessage="Cancel"
        id="c2s.components.GoBackButton.label"
        values={Object {}}
      />
    }
  >
    goBackButton
  </GoBackButton>,
  Symbol(enzyme.__renderer__): Object {
    "batchedUpdates": [Function],
    "getNode": [Function],
    "render": [Function],
    "simulateEvent": [Function],
    "unmount": [Function],
  },
  Symbol(enzyme.__node__): Object {
    "instance": null,
    "key": undefined,
    "nodeType": "host",
    "props": Object {
      "children": <StyledFlatButton__StyledFlatButton
        disabled={false}
        fullWidth={true}
        marginRight={0}
        onClick={[Function]}
      >
        <FormattedMessage
          defaultMessage="Cancel"
          id="c2s.components.GoBackButton.label"
          values={Object {}}
        />
      </StyledFlatButton__StyledFlatButton>,
    },
    "ref": null,
    "rendered": Object {
      "instance": null,
      "key": undefined,
      "nodeType": "class",
      "props": Object {
        "children": <FormattedMessage
          defaultMessage="Cancel"
          id="c2s.components.GoBackButton.label"
          values={Object {}}
        />,
        "disabled": false,
        "fullWidth": true,
        "marginRight": 0,
        "onClick": [Function],
      },
      "ref": null,
      "rendered": Object {
        "instance": null,
        "key": undefined,
        "nodeType": "class",
        "props": Object {
          "defaultMessage": "Cancel",
          "id": "c2s.components.GoBackButton.label",
          "values": Object {},
        },
        "ref": null,
        "rendered": null,
        "type": [Function],
      },
      "type": [Function],
    },
    "type": "div",
  },
  Symbol(enzyme.__nodes__): Array [
    Object {
      "instance": null,
      "key": undefined,
      "nodeType": "host",
      "props": Object {
        "children": <StyledFlatButton__StyledFlatButton
          disabled={false}
          fullWidth={true}
          marginRight={0}
          onClick={[Function]}
        >
          <FormattedMessage
            defaultMessage="Cancel"
            id="c2s.components.GoBackButton.label"
            values={Object {}}
          />
        </StyledFlatButton__StyledFlatButton>,
      },
      "ref": null,
      "rendered": Object {
        "instance": null,
        "key": undefined,
        "nodeType": "class",
        "props": Object {
          "children": <FormattedMessage
            defaultMessage="Cancel"
            id="c2s.components.GoBackButton.label"
            values={Object {}}
          />,
          "disabled": false,
          "fullWidth": true,
          "marginRight": 0,
          "onClick": [Function],
        },
        "ref": null,
        "rendered": Object {
          "instance": null,
          "key": undefined,
          "nodeType": "class",
          "props": Object {
            "defaultMessage": "Cancel",
            "id": "c2s.components.GoBackButton.label",
            "values": Object {},
          },
          "ref": null,
          "rendered": null,
          "type": [Function],
        },
        "type": [Function],
      },
      "type": "div",
    },
  ],
  Symbol(enzyme.__options__): Object {
    "adapter": ReactFifteenAdapter {
      "options": Object {
        "supportPrevContextArgumentOfComponentDidUpdate": true,
      },
    },
  },
}
`;
